RAM Allocation [bytes]
Variable                                                                          Address   Size
------------------------------------------------------------------------------------------------
prtc_get_time                                                                     0x0500       2
prtc_get_date                                                                     0x0502       2
fat                                                                               0x0504     562
file                                                                              0x0736     544
path                                                                              0x0956     256
arquivo                                                                           0x0A56      11
text1                                                                             0x0A61      33
rx_buffer                                                                         0x0A82      64
matriz                                                                            0x0AC2      10
inde1                                                                             0x0ACC       1
tamanho                                                                           0x0ACD       2
i                                                                                 0x0ACF       4
MH                                                                                0x0AD3       1
ML                                                                                0x0AD4       1
flg                                                                               0x0AD5       1
status                                                                            0x0AD6       1
timer1                                                                            0x0AD7       1
timer2                                                                            0x0AD8       1
card_type                                                                         0x0AD9       1
FatFs                                                                             0x0ADA       2
Fsid                                                                              0x0ADC       2
Drive                                                                             0x0ADE       1
_base_y                                                                           0x0ADF       4
_seed                                                                             0x0AE3       4

EEPROM Allocation [bytes]
Variable                                                                          Address   Size
------------------------------------------------------------------------------------------------

Register Allocation
Variable                                                                          Register  Size
------------------------------------------------------------------------------------------------
res                                                                               R5           1
nbytes                                                                            R6,R7        2
_lcd_x                                                                            R4           1
_lcd_y                                                                            R9           1
_lcd_maxx                                                                         R8           1

FLASH Allocation [words]
Function                                                          Address   Size
--------------------------------------------------------------------------------
timer_comp_isr                                                    0x001FC     33
error                                                             0x0021D     37
fecha                                                             0x00242     10
monta                                                             0x0024C     27
cria_arquivo                                                      0x00267     28
escreve                                                           0x00283     22
salva_sd                                                          0x00299     26
ver_fim                                                           0x002B3     47
rx_serial                                                         0x002E2     25
seta_imagem                                                       0x002FB     26
limpa_rx                                                          0x00315     28
tira_foto                                                         0x00331     26
tx_dado                                                           0x0034B     32
le_tamanho                                                        0x0036B     45
le_foto                                                           0x00398     65
stop_img                                                          0x003D9     26
main                                                              0x003F3    107
crc7_G100                                                         0x0045E     29
wait_ready_G100                                                   0x0047B     23
deselect_card_G100                                                0x00492      6
rx_datablock_G100                                                 0x00498     94
tx_datablock_G100                                                 0x004F6     61
send_cmd_G100                                                     0x00533     91
rx_spi4_G100                                                      0x0058E     19
disk_initialize                                                   0x005A1    204
disk_status                                                       0x0066D     10
disk_read                                                         0x00677    100
disk_write                                                        0x006DB    119
disk_ioctl                                                        0x00752    398
disk_timerproc                                                    0x008E0     22
get_fattime                                                       0x008F6    129
chk_chrf_G101                                                     0x00977     23
move_window_G101                                                  0x0098E    104
sync_G101                                                         0x009F6    103
get_fat                                                           0x00A5D    126
put_fat                                                           0x00ADB    162
remove_chain_G101                                                 0x00B7D     89
create_chain_G101                                                 0x00BD6    193
clust2sect                                                        0x00C97     56
dir_seek_G101                                                     0x00CCF    151
dir_next_G101                                                     0x00D66    237
dir_find_G101                                                     0x00E53     41
dir_read_G101                                                     0x00E7C     47
dir_register_G101                                                 0x00EAB     72
dir_remove_G101                                                   0x00EF3     40
create_name_G101                                                  0x00F1B    170
follow_path_G101                                                  0x00FC5    132
check_fs_G101                                                     0x01049     50
chk_mounted                                                       0x0107B    499
validate_G101                                                     0x0126E     34
f_mount                                                           0x01290     45
f_open                                                            0x012BD    305
f_write                                                           0x013EE    466
f_sync                                                            0x015C0    134
f_close                                                           0x01646     16
f_unlink                                                          0x01656    153
getchar                                                           0x016EF      4
putchar                                                           0x016F3      7
put_usart_G102                                                    0x016FA     13
_print_G102                                                       0x01707    316
printf                                                            0x01843     35
_lcd_write_nibble_G103                                            0x01866     20
_lcd_write_data                                                   0x0187A     12
lcd_gotoxy                                                        0x01886     13
lcd_clear                                                         0x01893     12
lcd_putchar                                                       0x0189F     21
lcd_puts                                                          0x018B4     15
lcd_putsf                                                         0x018C3     19
lcd_init                                                          0x018D6     46
memcmp                                                            0x01904     25
memcpy                                                            0x0191D     18
memset                                                            0x0192F     16
strlen                                                            0x0193F     12
strlenf                                                           0x0194B     13
strstrf                                                           0x01958     23
ltoa                                                              0x0196F     72
